src/server/imagekit.ts(6,3): error TS2353: Object literal may only specify known properties, and 'publicKey' does not exist in type 'ClientOptions'.
src/server/imagekit.ts(26,33): error TS2339: Property 'upload' does not exist on type 'ImageKit'.
